04-15 21:56:19.088  1124  1124 D CompositionEngine: AodOverrideCEHelper 1 setEnabled
04-15 21:56:19.093 31101 15603 I MediaCodec: [mId: 45] [audio-debug-dec] Stats 5004ms:Client:com.facebook.katana,Component:c2.android.aac.decoder,Qin:0,DQin:0/5,Render:0,Drop:0,DQout:0/0
04-15 21:56:19.096  1124  1124 D CompositionEngine: AodOverrideCEHelper 1 setEnabled
04-15 21:56:19.106  1124  1124 D CompositionEngine: AodOverrideCEHelper 1 setEnabled
04-15 21:56:19.114  1124  1124 D CompositionEngine: AodOverrideCEHelper 1 setEnabled
04-15 21:56:19.122  1124  1124 D CompositionEngine: AodOverrideCEHelper 1 setEnabled
04-15 21:56:19.131  1124  1124 D CompositionEngine: AodOverrideCEHelper 1 setEnabled
04-15 21:56:19.139  1124  1124 D CompositionEngine: AodOverrideCEHelper 1 setEnabled
04-15 21:56:19.147  1124  1124 D CompositionEngine: AodOverrideCEHelper 1 setEnabled
04-15 21:56:19.156  1124  1124 D CompositionEngine: AodOverrideCEHelper 1 setEnabled
04-15 21:56:19.159  1124  1699 W libc    : Access denied finding property "ro.vendor.display.max_hdr_luminance"
04-15 21:56:19.164  1124  1124 D CompositionEngine: AodOverrideCEHelper 1 setEnabled
04-15 21:56:19.172  1124  1124 D CompositionEngine: AodOverrideCEHelper 1 setEnabled
04-15 21:56:19.181  1124  1124 D CompositionEngine: AodOverrideCEHelper 1 setEnabled
04-15 21:56:19.188  1124  1124 D CompositionEngine: AodOverrideCEHelper 1 setEnabled
04-15 21:56:19.197  1124  1124 D CompositionEngine: AodOverrideCEHelper 1 setEnabled
04-15 21:56:19.204  8328  8567 E msys    : E[N mns:DGWClient]_OnDiskCacheGetData(632)=>Start post callback cache refresh DNS resolution
04-15 21:56:19.205  1124  1124 D CompositionEngine: AodOverrideCEHelper 1 setEnabled
04-15 21:56:19.210  1704  7023 E msys    : E[N mns]_OnDiskCacheGetData(632)=>Start post callback cache refresh DNS resolution
04-15 21:56:19.211  1704  7023 W LibevQuicAsyncUDPSocket.h: setTosOrTrafficClass not implemented in LibevQuicAsyncUDPSocket
04-15 21:56:19.213  1124  1124 D CompositionEngine: AodOverrideCEHelper 1 setEnabled
04-15 21:56:19.217  8328  8567 E msys    : E[N mns:DGWClient]_LogError(228)=>Failed to resolve using system DNS resolver, getaddrinfo(): No address associated with hostname
04-15 21:56:19.217  8328  8567 E msys    : E[N mns:DGWClient]_OnDiskCacheGetData(632)=>Start post callback cache refresh DNS resolution
04-15 21:56:19.219  8328  8567 E msys    : E[N mns:DGWClient]_LogError(228)=>Failed to resolve using system DNS resolver, getaddrinfo(): No address associated with hostname
04-15 21:56:19.220  1704  7023 E MvfstCallbacks.cpp: onConnectionSetupError: error=TransportError: Internal Error, Error on socket write Operation not permitted, 
04-15 21:56:19.220  1704  7023 E msys    : E[N mns]_LogError(228)=>Failed to resolve using system DNS resolver, getaddrinfo(): No address associated with hostname
04-15 21:56:19.220  1704  7023 E msys    : E[N mns]_OnDiskCacheGetData(632)=>Start post callback cache refresh DNS resolution
04-15 21:56:19.220  1124  1124 D CompositionEngine: AodOverrideCEHelper 1 setEnabled
04-15 21:56:19.222  1704  7023 E msys    : E[N mns]_LogError(228)=>Failed to resolve using system DNS resolver, getaddrinfo(): No address associated with hostname
04-15 21:56:19.231  1124  1124 D CompositionEngine: AodOverrideCEHelper 1 setEnabled
04-15 21:56:19.238  1124  1124 D CompositionEngine: AodOverrideCEHelper 1 setEnabled
04-15 21:56:19.247  1124  1124 D CompositionEngine: AodOverrideCEHelper 1 setEnabled
04-15 21:56:19.255  1124  1124 D CompositionEngine: AodOverrideCEHelper 1 setEnabled
04-15 21:56:19.263  1124  1124 D CompositionEngine: AodOverrideCEHelper 1 setEnabled
04-15 21:56:19.272  1124  1124 D CompositionEngine: AodOverrideCEHelper 1 setEnabled
04-15 21:56:19.274  1803  3070 D SLM-SRV-SLAService: checktemp temperature = 42627 temperature_average = 42796 isPerformanceMode = false thermal_enable_slm = true
04-15 21:56:19.280  1124  1124 D CompositionEngine: AodOverrideCEHelper 1 setEnabled
04-15 21:56:19.288  1124  1124 D CompositionEngine: AodOverrideCEHelper 1 setEnabled
04-15 21:56:19.296  1124  1124 D CompositionEngine: AodOverrideCEHelper 1 setEnabled
04-15 21:56:19.305  1124  1124 D CompositionEngine: AodOverrideCEHelper 1 setEnabled
04-15 21:56:19.313  1124  1124 D CompositionEngine: AodOverrideCEHelper 1 setEnabled
04-15 21:56:19.321  1124  1124 D CompositionEngine: AodOverrideCEHelper 1 setEnabled
04-15 21:56:19.329  1124  1124 D CompositionEngine: AodOverrideCEHelper 1 setEnabled
04-15 21:56:19.338  1124  1124 D CompositionEngine: AodOverrideCEHelper 1 setEnabled
04-15 21:56:19.346  1124  1124 D CompositionEngine: AodOverrideCEHelper 1 setEnabled
04-15 21:56:19.355  1124  1124 D CompositionEngine: AodOverrideCEHelper 1 setEnabled
04-15 21:56:19.362  1124  1124 D CompositionEngine: AodOverrideCEHelper 1 setEnabled
04-15 21:56:19.366  1124  1699 W libc    : Access denied finding property "ro.vendor.display.max_hdr_luminance"
04-15 21:56:19.371  1124  1124 D CompositionEngine: AodOverrideCEHelper 1 setEnabled
04-15 21:56:19.379  1124  1124 D CompositionEngine: AodOverrideCEHelper 1 setEnabled
04-15 21:56:19.388  1124  1124 D CompositionEngine: AodOverrideCEHelper 1 setEnabled
04-15 21:56:19.396  1124  1124 D CompositionEngine: AodOverrideCEHelper 1 setEnabled
04-15 21:56:19.404  1124  1124 D CompositionEngine: AodOverrideCEHelper 1 setEnabled
04-15 21:56:19.412  1124  1124 D CompositionEngine: AodOverrideCEHelper 1 setEnabled
04-15 21:56:19.420  1124  1124 D CompositionEngine: AodOverrideCEHelper 1 setEnabled
04-15 21:56:19.429  1124  1124 D CompositionEngine: AodOverrideCEHelper 1 setEnabled
04-15 21:56:19.437  1124  1124 D CompositionEngine: AodOverrideCEHelper 1 setEnabled
04-15 21:56:19.446  1124  1124 D CompositionEngine: AodOverrideCEHelper 1 setEnabled
04-15 21:56:19.454  1124  1124 D CompositionEngine: AodOverrideCEHelper 1 setEnabled
04-15 21:56:19.462  1124  1124 D CompositionEngine: AodOverrideCEHelper 1 setEnabled
04-15 21:56:19.470  1124  1124 D CompositionEngine: AodOverrideCEHelper 1 setEnabled
04-15 21:56:19.479  1124  1124 D CompositionEngine: AodOverrideCEHelper 1 setEnabled
04-15 21:56:19.487  1124  1124 D CompositionEngine: AodOverrideCEHelper 1 setEnabled
04-15 21:56:19.493 19549 19793 D JavaheapMonitor: Java heap used=22M max=256M, proc: com.google.android.gms
04-15 21:56:19.494 19549 19793 V JavaheapMonitor: Check java heap usage finished! Next check delay: 300000
04-15 21:56:19.496  1124  1124 D CompositionEngine: AodOverrideCEHelper 1 setEnabled
04-15 21:56:19.503  1124  1124 D CompositionEngine: AodOverrideCEHelper 1 setEnabled
04-15 21:56:19.512  1124  1124 D CompositionEngine: AodOverrideCEHelper 1 setEnabled
04-15 21:56:19.520  1124  1124 D CompositionEngine: AodOverrideCEHelper 1 setEnabled
04-15 21:56:19.529  1124  1124 D CompositionEngine: AodOverrideCEHelper 1 setEnabled
04-15 21:56:19.536  1124  1124 D CompositionEngine: AodOverrideCEHelper 1 setEnabled
04-15 21:56:19.544  1124  1124 D CompositionEngine: AodOverrideCEHelper 1 setEnabled
04-15 21:56:19.553  1124  1124 D CompositionEngine: AodOverrideCEHelper 1 setEnabled
04-15 21:56:19.562  1124  1124 D CompositionEngine: AodOverrideCEHelper 1 setEnabled
04-15 21:56:19.570  1124  1124 D CompositionEngine: AodOverrideCEHelper 1 setEnabled
04-15 21:56:19.574  1124  1699 W libc    : Access denied finding property "ro.vendor.display.max_hdr_luminance"
04-15 21:56:19.578  1124  1124 D CompositionEngine: AodOverrideCEHelper 1 setEnabled
04-15 21:56:19.586  1124  1124 D CompositionEngine: AodOverrideCEHelper 1 setEnabled
04-15 21:56:19.595  1124  1124 D CompositionEngine: AodOverrideCEHelper 1 setEnabled
04-15 21:56:19.603  1124  1124 D CompositionEngine: AodOverrideCEHelper 1 setEnabled
04-15 21:56:19.611  1124  1124 D CompositionEngine: AodOverrideCEHelper 1 setEnabled
04-15 21:56:19.619  1124  1124 D CompositionEngine: AodOverrideCEHelper 1 setEnabled
04-15 21:56:19.628  1124  1124 D CompositionEngine: AodOverrideCEHelper 1 setEnabled
04-15 21:56:19.637  1124  1124 D CompositionEngine: AodOverrideCEHelper 1 setEnabled
04-15 21:56:19.711 24861 24921 D JavaheapMonitor: Java heap used=4M max=256M, proc: com.google.android.gms.learning
04-15 21:56:19.712 24861 24921 V JavaheapMonitor: Check java heap usage finished! Next check delay: 300000
04-15 21:56:19.729  2702  4436 D JavaheapMonitor: Java heap used=2M max=256M, proc: com.xiaomi.hypercomm
04-15 21:56:19.729  2702  4436 V JavaheapMonitor: Check java heap usage finished! Next check delay: 300000
04-15 21:56:19.774  8748 11686 D JavaheapMonitor: Java heap used=5M max=256M, proc: com.xiaomi.xmsf
04-15 21:56:19.774  8748 11686 V JavaheapMonitor: Check java heap usage finished! Next check delay: 300000
04-15 21:56:19.775  1124  1699 W libc    : Access denied finding property "ro.vendor.display.max_hdr_luminance"
04-15 21:56:19.786  1022  1095 I libPerfCtl: xgfGetFPS pid:2756 fps:-1
04-15 21:56:19.828  8328  8567 E msys    : E[N mns:DGWClient]_OnDiskCacheGetData(632)=>Start post callback cache refresh DNS resolution
04-15 21:56:19.837  8328  8567 E msys    : E[N mns:DGWClient]_LogError(228)=>Failed to resolve using system DNS resolver, getaddrinfo(): No address associated with hostname
04-15 21:56:19.882  2627  2666 D JavaheapMonitor: Java heap used=5M max=256M, proc: com.android.networkstack.process
04-15 21:56:19.882  2627  2666 V JavaheapMonitor: Check java heap usage finished! Next check delay: 300000
04-15 21:56:19.888  8328  8567 E msys    : E[N mns:DGWClient]_OnDiskCacheGetData(632)=>Start post callback cache refresh DNS resolution
04-15 21:56:19.902  8328  8567 E msys    : E[N mns:DGWClient]_LogError(228)=>Failed to resolve using system DNS resolver, getaddrinfo(): No address associated with hostname
04-15 21:56:19.983  1803  2181 I MQSserver: getData len: 1024 content: {"name":"video_render","audio_event":{"app_name":"audio_app_other","id":"54","render_smooth":"0"},"dgt":"null","audio_ext":"null" }Ŕ€Ŕ€Ŕ€Ŕ€Ŕ€Ŕ€Ŕ€Ŕ€Ŕ€Ŕ€Ŕ€Ŕ€Ŕ€Ŕ€Ŕ€Ŕ€Ŕ€Ŕ€Ŕ€Ŕ€Ŕ€Ŕ€Ŕ€Ŕ€Ŕ€Ŕ€Ŕ€Ŕ€Ŕ€Ŕ€Ŕ€Ŕ€Ŕ€Ŕ€Ŕ€Ŕ€Ŕ€Ŕ€Ŕ€Ŕ€Ŕ€Ŕ€Ŕ€Ŕ€Ŕ€Ŕ€Ŕ€Ŕ€Ŕ€Ŕ€Ŕ€Ŕ€Ŕ€Ŕ€Ŕ€Ŕ€Ŕ€Ŕ€Ŕ€Ŕ€Ŕ€Ŕ€Ŕ€Ŕ€Ŕ€Ŕ€Ŕ€Ŕ€Ŕ€Ŕ€Ŕ€Ŕ€Ŕ€Ŕ€Ŕ€Ŕ€Ŕ€Ŕ€Ŕ€Ŕ€Ŕ€Ŕ€Ŕ€Ŕ€Ŕ€Ŕ€Ŕ€Ŕ€Ŕ€Ŕ€Ŕ€Ŕ€Ŕ€Ŕ€Ŕ€Ŕ€Ŕ€Ŕ€Ŕ€Ŕ€Ŕ€Ŕ€Ŕ€Ŕ€Ŕ€Ŕ€Ŕ€Ŕ€Ŕ€Ŕ€Ŕ€Ŕ€Ŕ€Ŕ€Ŕ€Ŕ€Ŕ€Ŕ€Ŕ€Ŕ€Ŕ€Ŕ€Ŕ€Ŕ€Ŕ€Ŕ€Ŕ€Ŕ€Ŕ€Ŕ€Ŕ€Ŕ€Ŕ€Ŕ€Ŕ€Ŕ€Ŕ€Ŕ€Ŕ€Ŕ€Ŕ€Ŕ€Ŕ€Ŕ€Ŕ€Ŕ€Ŕ€Ŕ€Ŕ€Ŕ€Ŕ€Ŕ€Ŕ€Ŕ€Ŕ€Ŕ€Ŕ€Ŕ€Ŕ€Ŕ€Ŕ€Ŕ€Ŕ€Ŕ€Ŕ€Ŕ€Ŕ€Ŕ€Ŕ€Ŕ€Ŕ€Ŕ€Ŕ€Ŕ€Ŕ€Ŕ€Ŕ€Ŕ€Ŕ€Ŕ€Ŕ€Ŕ€Ŕ€Ŕ€Ŕ€Ŕ€Ŕ€Ŕ€Ŕ€Ŕ€Ŕ€Ŕ€Ŕ€Ŕ€Ŕ€Ŕ€Ŕ€Ŕ€Ŕ€Ŕ€Ŕ€Ŕ€Ŕ€Ŕ€Ŕ€Ŕ€Ŕ€Ŕ€Ŕ€Ŕ€Ŕ€Ŕ€Ŕ€Ŕ€Ŕ€Ŕ€Ŕ€Ŕ€Ŕ€Ŕ€Ŕ€Ŕ€Ŕ€Ŕ€Ŕ€Ŕ€Ŕ€Ŕ€Ŕ€Ŕ€Ŕ€Ŕ€Ŕ€Ŕ€Ŕ€Ŕ€Ŕ€Ŕ€Ŕ€Ŕ€Ŕ€Ŕ€Ŕ€Ŕ€Ŕ€Ŕ€Ŕ€Ŕ€Ŕ€Ŕ€Ŕ€Ŕ€Ŕ€Ŕ€Ŕ€Ŕ€Ŕ€Ŕ€Ŕ€Ŕ€Ŕ€Ŕ€Ŕ€Ŕ€Ŕ€Ŕ€Ŕ€Ŕ€Ŕ€Ŕ€Ŕ€Ŕ€Ŕ€Ŕ€Ŕ€Ŕ€Ŕ€Ŕ€Ŕ€Ŕ€Ŕ€Ŕ€Ŕ€Ŕ€Ŕ€Ŕ€Ŕ€Ŕ€Ŕ€Ŕ€Ŕ€Ŕ€Ŕ€Ŕ€Ŕ€Ŕ€Ŕ€Ŕ€Ŕ€Ŕ€Ŕ€Ŕ€Ŕ€Ŕ€Ŕ€Ŕ€Ŕ€Ŕ€Ŕ€Ŕ€Ŕ€Ŕ€Ŕ€Ŕ€Ŕ€Ŕ€Ŕ€Ŕ€Ŕ€Ŕ€Ŕ€Ŕ€Ŕ€Ŕ€Ŕ€Ŕ€Ŕ€Ŕ€Ŕ€Ŕ€Ŕ€Ŕ€Ŕ€Ŕ€Ŕ€Ŕ€Ŕ€Ŕ€Ŕ€Ŕ€Ŕ€Ŕ€Ŕ€Ŕ€Ŕ€Ŕ€Ŕ€Ŕ€Ŕ€Ŕ€Ŕ€Ŕ€Ŕ€Ŕ€Ŕ€Ŕ€Ŕ€Ŕ€Ŕ€Ŕ€Ŕ€Ŕ€Ŕ€Ŕ€Ŕ€Ŕ€Ŕ€Ŕ€Ŕ€Ŕ€Ŕ€Ŕ€Ŕ€Ŕ€Ŕ€Ŕ€Ŕ€Ŕ€Ŕ€Ŕ€Ŕ€Ŕ€Ŕ€Ŕ€Ŕ€Ŕ€Ŕ€Ŕ€Ŕ€Ŕ€Ŕ€Ŕ€Ŕ€Ŕ€Ŕ€Ŕ€Ŕ€Ŕ€Ŕ€Ŕ€Ŕ€Ŕ€Ŕ€Ŕ€Ŕ€Ŕ€Ŕ€Ŕ€Ŕ€Ŕ€Ŕ€Ŕ€Ŕ€Ŕ€Ŕ€Ŕ€Ŕ€Ŕ€Ŕ€Ŕ€Ŕ€Ŕ€Ŕ€Ŕ€Ŕ€Ŕ€Ŕ€Ŕ€Ŕ€Ŕ€Ŕ€Ŕ€Ŕ€Ŕ€Ŕ€Ŕ€Ŕ€Ŕ€Ŕ€Ŕ€Ŕ€Ŕ€Ŕ€Ŕ€Ŕ€Ŕ€Ŕ€Ŕ€Ŕ€Ŕ€Ŕ€Ŕ€Ŕ€Ŕ€Ŕ€Ŕ€Ŕ€Ŕ€Ŕ€Ŕ€Ŕ€Ŕ€Ŕ€Ŕ€Ŕ€Ŕ€Ŕ€Ŕ€Ŕ€Ŕ€Ŕ€Ŕ€Ŕ€Ŕ€Ŕ€Ŕ€Ŕ€Ŕ€Ŕ€Ŕ€Ŕ€Ŕ€Ŕ€Ŕ€Ŕ€Ŕ€Ŕ€Ŕ€Ŕ€Ŕ€Ŕ€Ŕ€Ŕ€Ŕ€Ŕ€Ŕ€Ŕ€Ŕ€Ŕ€Ŕ€Ŕ€Ŕ€Ŕ€Ŕ€Ŕ€Ŕ€Ŕ€Ŕ€Ŕ€Ŕ€Ŕ€Ŕ€Ŕ€Ŕ€Ŕ€Ŕ€Ŕ€Ŕ€Ŕ€Ŕ€Ŕ€Ŕ€Ŕ€Ŕ€Ŕ€Ŕ€Ŕ€Ŕ€Ŕ€Ŕ€Ŕ€Ŕ€Ŕ€Ŕ€Ŕ€Ŕ€Ŕ€Ŕ€Ŕ€Ŕ€Ŕ€Ŕ€Ŕ€Ŕ€Ŕ€Ŕ€Ŕ€Ŕ€Ŕ€Ŕ€Ŕ€Ŕ€Ŕ€Ŕ€Ŕ€Ŕ€Ŕ€Ŕ€Ŕ€Ŕ€Ŕ€Ŕ€Ŕ€Ŕ€Ŕ€Ŕ€Ŕ€Ŕ€Ŕ€Ŕ€Ŕ€Ŕ€Ŕ€Ŕ€Ŕ€Ŕ€Ŕ€Ŕ€Ŕ€Ŕ€Ŕ€Ŕ€Ŕ€Ŕ€Ŕ€Ŕ€Ŕ€Ŕ€Ŕ€Ŕ€Ŕ€Ŕ€Ŕ€Ŕ€Ŕ€Ŕ€Ŕ€Ŕ€Ŕ€Ŕ€Ŕ€Ŕ€Ŕ€Ŕ€Ŕ€Ŕ€Ŕ€Ŕ€Ŕ€Ŕ€Ŕ€Ŕ€Ŕ€Ŕ€Ŕ€Ŕ€Ŕ€Ŕ€Ŕ€Ŕ€Ŕ€Ŕ€Ŕ€Ŕ€Ŕ€Ŕ€Ŕ€Ŕ€Ŕ€Ŕ€Ŕ€Ŕ€Ŕ€Ŕ€Ŕ€Ŕ€Ŕ€Ŕ€Ŕ€Ŕ€Ŕ€Ŕ€Ŕ€Ŕ€Ŕ€Ŕ€Ŕ€Ŕ€Ŕ€Ŕ€Ŕ€Ŕ€Ŕ€Ŕ€Ŕ€Ŕ€Ŕ€Ŕ€Ŕ€Ŕ€Ŕ€Ŕ€Ŕ€Ŕ€Ŕ€Ŕ€Ŕ€Ŕ€Ŕ€Ŕ€Ŕ€Ŕ€Ŕ€Ŕ€Ŕ€Ŕ€Ŕ€Ŕ€Ŕ€Ŕ€Ŕ€Ŕ€Ŕ€Ŕ€Ŕ€Ŕ€Ŕ€Ŕ€Ŕ€Ŕ€Ŕ€Ŕ€Ŕ€Ŕ€Ŕ€Ŕ€Ŕ€Ŕ€Ŕ€Ŕ€Ŕ€Ŕ€Ŕ€Ŕ€Ŕ€Ŕ€Ŕ€Ŕ€Ŕ€Ŕ€Ŕ€Ŕ€Ŕ€Ŕ€Ŕ€Ŕ€Ŕ€Ŕ€Ŕ€Ŕ€Ŕ€Ŕ€Ŕ€Ŕ€Ŕ€Ŕ€Ŕ€Ŕ€Ŕ€Ŕ€Ŕ€Ŕ€Ŕ€Ŕ€Ŕ€Ŕ€Ŕ€Ŕ€Ŕ€Ŕ€Ŕ€Ŕ€Ŕ€Ŕ€Ŕ€Ŕ€Ŕ€Ŕ€Ŕ€Ŕ€Ŕ€Ŕ€Ŕ€Ŕ€Ŕ€Ŕ€Ŕ€Ŕ€Ŕ€Ŕ€Ŕ€Ŕ€Ŕ€Ŕ€Ŕ€Ŕ€Ŕ€Ŕ€Ŕ€Ŕ€Ŕ€Ŕ€Ŕ€Ŕ€Ŕ€Ŕ€Ŕ€Ŕ€Ŕ€Ŕ€Ŕ€Ŕ€Ŕ€Ŕ€Ŕ€Ŕ€Ŕ€Ŕ€Ŕ€Ŕ€Ŕ€Ŕ€Ŕ€Ŕ€Ŕ€Ŕ€Ŕ€Ŕ€Ŕ€Ŕ€Ŕ€Ŕ€Ŕ€Ŕ€Ŕ€Ŕ€Ŕ€Ŕ€Ŕ€Ŕ€Ŕ€Ŕ€Ŕ€Ŕ€Ŕ€Ŕ€Ŕ€Ŕ€Ŕ€Ŕ€Ŕ€Ŕ€Ŕ€Ŕ€Ŕ€Ŕ€Ŕ€Ŕ€Ŕ€Ŕ€Ŕ€Ŕ€Ŕ€Ŕ€Ŕ€Ŕ€Ŕ€Ŕ€Ŕ€Ŕ€Ŕ€Ŕ€Ŕ€Ŕ€Ŕ€Ŕ€Ŕ€Ŕ€Ŕ€Ŕ€Ŕ€Ŕ€Ŕ€Ŕ€Ŕ€Ŕ€Ŕ€Ŕ€Ŕ€Ŕ€Ŕ€Ŕ€Ŕ€Ŕ€Ŕ€Ŕ€Ŕ€Ŕ€Ŕ€Ŕ€Ŕ€Ŕ€Ŕ€Ŕ€Ŕ€Ŕ€Ŕ€Ŕ€Ŕ€Ŕ€Ŕ€Ŕ€Ŕ€Ŕ€Ŕ€Ŕ€Ŕ€Ŕ€Ŕ€Ŕ€Ŕ€Ŕ€Ŕ€
04-15 21:56:19.989  1803  2181 D MQSserver: add count to List : {"name":"video_render","audio_event":{"app_name":"audio_app_other","id":"54","render_smooth":"0"},"dgt":"null","audio_ext":"null","onetrack_count":"1"}
04-15 21:56:20.127 13351 13494 D JavaheapMonitor: Java heap used=10M max=512M, proc: com.google.android.googlequicksearchbox:interactor
04-15 21:56:20.127 13351 13494 V JavaheapMonitor: Check java heap usage finished! Next check delay: 300000
04-15 21:56:20.158 20473 20528 D JavaheapMonitor: Java heap used=40M max=256M, proc: com.google.android.gms.persistent
04-15 21:56:20.158 20473 20528 V JavaheapMonitor: Check java heap usage finished! Next check delay: 300000
04-15 21:56:20.175  1329  1619 D connsyslogger: SD_LOG_ROOT is /data/debuglogger/connsyslog/fw.
04-15 21:56:20.175  1329  1619 D connsyslogger: systemReady:1
04-15 21:56:20.176  5196  5352 D JavaheapMonitor: Java heap used=24M max=256M, proc: com.google.android.inputmethod.latin
04-15 21:56:20.176  5196  5352 V JavaheapMonitor: Check java heap usage finished! Next check delay: 300000
04-15 21:56:20.559 20135 20693 D JavaheapMonitor: Java heap used=2M max=256M, proc: com.xiaomi.simactivate.service
04-15 21:56:20.560 20135 20693 V JavaheapMonitor: Check java heap usage finished! Next check delay: 300000
04-15 21:56:20.656  8970  9327 E msys    : E[N mns:DGWClient]_OnDiskCacheGetData(1102)=>Start post callback cache refresh DNS resolution
04-15 21:56:20.679  8970  9327 E msys    : E[N mns:DGWClient]_LogError(285)=>Failed to resolve using system DNS resolver, getaddrinfo(): No address associated with hostname
04-15 21:56:20.679  8970  9327 E msys    : E[N mns:DGWClient]_OnDiskCacheGetData(1102)=>Start post callback cache refresh DNS resolution
04-15 21:56:20.681  8970  9327 E msys    : E[N mns:DGWClient]_LogError(285)=>Failed to resolve using system DNS resolver, getaddrinfo(): No address associated with hostname
04-15 21:56:20.732  1124  1124 D DisplayModeController: setDesiredMode 4627039422300187648 {mode={fps=60.00 Hz, modePtr={id=0, vsyncRate=60.00 Hz, peakRefreshRate=60.00 Hz}}, emitEvent=false, force=false}
04-15 21:56:20.733  1124  1124 D Scheduler: MtkOverrideDuration: update vsync 60
04-15 21:56:20.733  1124  1124 D Scheduler: MtkOverrideDuration: reset override duration
04-15 21:56:20.733  1124  1124 I PowerHalWrapper: updateFps(): 60
04-15 21:56:20.733  1006  1647 I hwcomposer: [DRMDEV] (0:62) failed to waitNextVsync: -1  
04-15 21:56:20.736  1006  1006 I hwcomposer: [HWCDisplay] (0) setActiveConfigWithConstraints config:0  
04-15 21:56:20.736  1006  1006 I hwcomposer: [HWCDisplay] setActiveConfigWithConstraints(), now 176809998802230, diff 422769, estimated_applied_time 8333333 queued_size:0  
04-15 21:56:20.738  1124  1124 D CompositionEngine: AodOverrideCEHelper 1 setEnabled
04-15 21:56:20.740  1124  1124 E HwcComposer: presentOrValidateDisplay 0 presentFence:-1
04-15 21:56:20.740  1006  1006 I hwcomposer: [HWCDisplay] [Display_0 (type:1, mode:2)] fps:50.751568,dur:1990.09,max:1102.35,min:6.80  
04-15 21:56:20.742  1124  1124 I PowerHalWrapper: updateFps(): 60
04-15 21:56:20.742  1124  1124 D SurfaceFlinger: finalizeDisplayModeChange: display size = 1
04-15 21:56:20.742  1124  1124 I PowerHalWrapper: mEnableMultiDisplayMode enable=0 fps=60
04-15 21:56:20.742  1124  1124 I mtkpower_client: PowerHal_Wrap_EnableMultiDisplayMode, enable:0 fps:60 CurMultiDisplayMode:-1
04-15 21:56:20.742  1006  1647 I hwcomposer: [DRMDEV] (0:62) failed to waitNextVsync: -1  
04-15 21:56:20.743  1803  2308 D PerfMTKStubImpl: perfLockReleaseHandler: 0
04-15 21:56:20.743  1803  2308 D MTKSchedBoost: stopBoostInternal
04-15 21:56:20.743  1803  2308 D SchedBoost: thread tid=2756, priority is set to -10
04-15 21:56:20.744  1124  1124 I PowerHalWrapper: updateFps(): 60
04-15 21:56:20.744  1803  2308 D PerfMTKStubImpl: perfLockReleaseHandler: 0
04-15 21:56:20.744  1803  2308 D MTKSchedBoost: stopBoostInternal
04-15 21:56:20.744  1803  2308 D SchedBoost: thread tid=10587, priority is set to -10
04-15 21:56:20.744  1124  1124 D CompositionEngine: AodOverrideCEHelper 1 setEnabled
04-15 21:56:20.748  1124  1699 W libc    : Access denied finding property "ro.vendor.display.max_hdr_luminance"
04-15 21:56:20.760  1704  7023 E msys    : E[N mns]_OnDiskCacheGetData(632)=>Start post callback cache refresh DNS resolution
04-15 21:56:20.761  1704  7023 W LibevQuicAsyncUDPSocket.h: setTosOrTrafficClass not implemented in LibevQuicAsyncUDPSocket
04-15 21:56:20.770  1704  7023 E MvfstCallbacks.cpp: onConnectionSetupError: error=TransportError: Internal Error, Error on socket write Operation not permitted, 
04-15 21:56:20.770  1704  7023 E msys    : E[N mns]_LogError(228)=>Failed to resolve using system DNS resolver, getaddrinfo(): No address associated with hostname
04-15 21:56:20.776  1006  1721 I hwcomposer: [HWCDisplay] updateAppliedConfigState: applied config complete[idx:16709, config:0]  
04-15 21:56:20.788  1022  1095 I libPerfCtl: xgfGetFPS pid:2756 fps:-1
04-15 21:56:20.810 30992  2026 D JavaheapMonitor: Java heap used=2M max=256M, proc: com.miui.analytics
04-15 21:56:20.813 30992  2026 V JavaheapMonitor: Check java heap usage finished! Next check delay: 300000
04-15 21:56:20.894 15939 19903 D JavaheapMonitor: Java heap used=14M max=256M, proc: com.android.chrome
04-15 21:56:20.895 15939 19903 V JavaheapMonitor: Check java heap usage finished! Next check delay: 300000
04-15 21:56:21.132 31101 25537 I MediaCodec: [mId: 39] [audio-debug-dec] Stats 5007ms:Client:com.facebook.katana,Component:c2.android.aac.decoder,Qin:0,DQin:0/5,Render:0,Drop:0,DQout:0/0
04-15 21:56:21.473  8970  9327 E msys    : E[N mns:DGWClient]_OnDiskCacheGetData(1102)=>Start post callback cache refresh DNS resolution
04-15 21:56:21.484  8970  9327 E msys    : E[N mns:DGWClient]_LogError(285)=>Failed to resolve using system DNS resolver, getaddrinfo(): No address associated with hostname
04-15 21:56:21.787  1022  1095 I libPerfCtl: xgfGetFPS pid:2756 fps:-1
04-15 21:56:22.070  1448  1903 D ULogGuard: Monitoring: 20 threads, 0 requests, 0 time-bombs; 8 guards. ResetFlags = 0x7
04-15 21:56:22.073  1803  2244 D PolicyMaker: uid =10320 pkg=com.whatsapp reason=importantapp
04-15 21:56:22.131  8970  9327 E msys    : E[N mns:DGWClient]_OnDiskCacheGetData(1102)=>Start post callback cache refresh DNS resolution
04-15 21:56:22.145  8970  9327 E msys    : E[N mns:DGWClient]_LogError(285)=>Failed to resolve using system DNS resolver, getaddrinfo(): No address associated with hostname
04-15 21:56:22.176  1329  1619 D connsyslogger: SD_LOG_ROOT is /data/debuglogger/connsyslog/fw.
04-15 21:56:22.176  1329  1619 D connsyslogger: systemReady:1
04-15 21:56:22.296  1803  2244 D ActionExecute: setPkgData uid = 10320 time=8000
04-15 21:56:22.414  2755  2981 D JavaheapMonitor: Java heap used=12M max=256M, proc: com.android.phone
04-15 21:56:22.415  2755  2981 V JavaheapMonitor: Check java heap usage finished! Next check delay: 300000
04-15 21:56:22.565  8970  9327 E msys    : E[N mns:DGWClient]_OnDiskCacheGetData(1102)=>Start post callback cache refresh DNS resolution
04-15 21:56:22.575  8970  9327 E msys    : E[N mns:DGWClient]_LogError(285)=>Failed to resolve using system DNS resolver, getaddrinfo(): No address associated with hostname
04-15 21:56:22.788  1022  1095 I libPerfCtl: xgfGetFPS pid:2756 fps:-1
04-15 21:56:22.795 19467 22065 D JavaheapMonitor: Java heap used=3M max=256M, proc: com.miui.msa.global
04-15 21:56:22.796 19467 22065 V JavaheapMonitor: Check java heap usage finished! Next check delay: 300000
04-15 21:56:22.803 22732 22945 D JavaheapMonitor: Java heap used=2M max=256M, proc: com.miui.face
04-15 21:56:22.803 22732 22945 V JavaheapMonitor: Check java heap usage finished! Next check delay: 300000
04-15 21:56:22.874  2425  3081 D JavaheapMonitor: Java heap used=26M max=512M, proc: com.miui.home
04-15 21:56:22.875  2425  3081 V JavaheapMonitor: Check java heap usage finished! Next check delay: 300000
04-15 21:56:23.099 31101 15600 D AudioTrackImpl: [audioTrackData][fine] 25s(f:25045 m:0 s:0 k:0 z:0) : pid 31101 uid 10313 sessionId 34209 sr 44100 ch 2 fmt 1 maxAmplitude 7419
04-15 21:56:23.133 31101 25873 I MediaCodec: [mId: 40] [video-debug-dec] Stats 5007ms:Client:com.facebook.katana,Component:c2.mtk.av1.decoder.lowlatency,Qin:0,DQin:0/5,Render:0,Drop:0,DQout:0/0
04-15 21:56:23.135 31101 25530 D AudioTrackImpl: [audioTrackData][fine] 55s(f:55082 m:0 s:0 k:0 z:0) : pid 31101 uid 10313 sessionId 33897 sr 44100 ch 2 fmt 1 maxAmplitude 16894
04-15 21:56:23.203  3207  4400 D JavaheapMonitor: Java heap used=5M max=256M, proc: com.xiaomi.mirror
04-15 21:56:23.203  3207  4400 V JavaheapMonitor: Check java heap usage finished! Next check delay: 300000
04-15 21:56:23.294 29549 30609 D JavaheapMonitor: Java heap used=39M max=512M, proc: com.google.android.googlequicksearchbox:search
04-15 21:56:23.295 29549 30609 V JavaheapMonitor: Check java heap usage finished! Next check delay: 300000
04-15 21:56:23.450  1803  2320 E DeviceGuardManagerService: bindLockRemoteService result = null
04-15 21:56:23.602  6137 10130 D JavaheapMonitor: Java heap used=11M max=256M, proc: com.miui.securitycenter.remote
04-15 21:56:23.602  6137 10130 V JavaheapMonitor: Check java heap usage finished! Next check delay: 300000
04-15 21:56:23.616 11082 12946 D JavaheapMonitor: Java heap used=2M max=256M, proc: com.lbe.security.miui
04-15 21:56:23.617 11082 12946 V JavaheapMonitor: Check java heap usage finished! Next check delay: 300000
04-15 21:56:23.722  1803  1823 I system_server: Background young concurrent mark compact GC freed 17MB AllocSpace bytes, 45(916KB) LOS objects, 11% free, 145MB/164MB, paused 1.677ms,8.180ms total 177.907ms
04-15 21:56:23.726  1803  1952 D JavaheapMonitor: Java heap used=145M max=512M, proc: system_server
04-15 21:56:23.727  1803  1952 V JavaheapMonitor: Check java heap usage finished! Next check delay: 180000
04-15 21:56:23.789  1022  1095 I libPerfCtl: xgfGetFPS pid:2756 fps:-1
04-15 21:56:24.066  2755  2755 D TelephonyManager: requestModemActivityInfo: Sending result to app: ModemActivityInfo{ mTimestamp=260219704 mSleepTimeMs=124156184 mIdleTimeMs=134612557 mActivityStatsTechSpecificInfo=[{mRat=UNKNOWN,mFrequencyRange=UNKNOWN,mTxTimeMs[]=[1311740, 25898, 17969, 49292, 99575],mRxTimeMs=1692540}]}
04-15 21:56:24.102 31101 15603 I MediaCodec: [mId: 45] [audio-debug-dec] Stats 5009ms:Client:com.facebook.katana,Component:c2.android.aac.decoder,Qin:0,DQin:0/5,Render:0,Drop:0,DQout:0/0
04-15 21:56:24.176  1329  1619 D connsyslogger: SD_LOG_ROOT is /data/debuglogger/connsyslog/fw.
04-15 21:56:24.177  1329  1619 D connsyslogger: systemReady:1
04-15 21:56:24.340  1329  1622 D connsyslogger: idx=0 Bootup Log: 2 log files! filecount=3 
04-15 21:56:24.340  1329  1622 D connsyslogger: idx=1 Bootup Log: 2 log files! filecount=3 
04-15 21:56:24.344  1329  1741 I connsyslogger: thrLogWriter: LogBuf=265.527344KB,idx=0
04-15 21:56:24.377 17238 19227 D JavaheapMonitor: Java heap used=19M max=256M, proc: com.android.vending
04-15 21:56:24.378 17238 19227 V JavaheapMonitor: Check java heap usage finished! Next check delay: 300000
04-15 21:56:24.489 32510  2354 D JavaheapMonitor: Java heap used=5M max=256M, proc: com.microsoft.appmanager:auth
04-15 21:56:24.490 32510  2354 V JavaheapMonitor: Check java heap usage finished! Next check delay: 300000
04-15 21:56:24.790  1022  1095 I libPerfCtl: xgfGetFPS pid:2756 fps:-1
04-15 21:56:25.072  1448  1903 D ULogGuard: Monitoring: 20 threads, 0 requests, 0 time-bombs; 8 guards. ResetFlags = 0x7
04-15 21:56:25.157 19556 19712 D JavaheapMonitor: Java heap used=16M max=256M, proc: com.google.android.gms.persistent
04-15 21:56:25.158 19556 19712 V JavaheapMonitor: Check java heap usage finished! Next check delay: 300000
04-15 21:56:25.367 17505 17870 D JavaheapMonitor: Java heap used=47M max=512M, proc: com.google.android.googlequicksearchbox:googleapp
04-15 21:56:25.367 17505 17870 V JavaheapMonitor: Check java heap usage finished! Next check delay: 300000
04-15 21:56:25.521 28410 30292 D JavaheapMonitor: Java heap used=12M max=256M, proc: com.google.android.gms.ui
04-15 21:56:25.522 28410 30292 V JavaheapMonitor: Check java heap usage finished! Next check delay: 300000
04-15 21:56:25.573  5103  5144 D JavaheapMonitor: Java heap used=69M max=256M, proc: com.android.systemui
04-15 21:56:25.574  5103  5144 V JavaheapMonitor: Check java heap usage finished! Next check delay: 180000
04-15 21:56:25.791  1022  1095 I libPerfCtl: xgfGetFPS pid:2756 fps:-1
04-15 21:56:25.795  7403 10427 D JavaheapMonitor: Java heap used=3M max=256M, proc: com.xiaomi.mi_connect_service
04-15 21:56:25.795  7403 10427 V JavaheapMonitor: Check java heap usage finished! Next check delay: 300000
04-15 21:56:25.834  2627  2670 E NetlinkUtils: receiveNetlinkAck, errmsg=NetlinkErrorMessage{ nlmsghdr{StructNlMsgHdr{ nlmsg_len{100}, nlmsg_type{2()}, nlmsg_flags{0()}, nlmsg_seq{1}, nlmsg_pid{-876131659} }}, nlmsgerr{StructNlMsgErr{ error{-2}, msg{StructNlMsgHdr{ nlmsg_len{80}, nlmsg_type{256()}, nlmsg_flags{261(NLM_F_REQUEST|NLM_F_ACK|NLM_F_ROOT)}, nlmsg_seq{1}, nlmsg_pid{0} }} }} }
04-15 21:56:25.834  2627  2670 W Tethering: [BpfCoordinator] WARN Failed to update conntrack entry (proto: 6, src4: /10.191.61.20, srcPort: 44850, dst4: /157.240.234.15, dstPort: 443), msg: 50000000000105010100000000000000020000003400018014000180080001000ABF3D14080002009DF0EA0F1C000280050001000600000006000200AF3200000600030001BB00000800070000069780, e: android.system.ErrnoException: NetlinkErrorMessage{ nlmsghdr{StructNlMsgHdr{ nlmsg_len{100}, nlmsg_type{2()}, nlmsg_flags{0()}, nlmsg_seq{1}, nlmsg_pid{-876131659} }}, nlmsgerr{StructNlMsgErr{ error{-2}, msg{StructNlMsgHdr{ nlmsg_len{80}, nlmsg_type{256()}, nlmsg_flags{261(NLM_F_REQUEST|NLM_F_ACK|NLM_F_ROOT)}, nlmsg_seq{1}, nlmsg_pid{0} }} }} } failed: ENOENT (No such file or directory)
04-15 21:56:25.843  2627  2670 E NetlinkUtils: receiveNetlinkAck, errmsg=NetlinkErrorMessage{ nlmsghdr{StructNlMsgHdr{ nlmsg_len{100}, nlmsg_type{2()}, nlmsg_flags{0()}, nlmsg_seq{1}, nlmsg_pid{-889663001} }}, nlmsgerr{StructNlMsgErr{ error{-2}, msg{StructNlMsgHdr{ nlmsg_len{80}, nlmsg_type{256()}, nlmsg_flags{261(NLM_F_REQUEST|NLM_F_ACK|NLM_F_ROOT)}, nlmsg_seq{1}, nlmsg_pid{0} }} }} }
04-15 21:56:25.843  2627  2670 W Tethering: [BpfCoordinator] WARN Failed to update conntrack entry (proto: 6, src4: /10.191.61.53, srcPort: 57214, dst4: /52.168.117.174, dstPort: 443), msg: 50000000000105010100000000000000020000003400018014000180080001000ABF3D350800020034A875AE1C000280050001000600000006000200DF7E00000600030001BB00000800070000069780, e: android.system.ErrnoException: NetlinkErrorMessage{ nlmsghdr{StructNlMsgHdr{ nlmsg_len{100}, nlmsg_type{2()}, nlmsg_flags{0()}, nlmsg_seq{1}, nlmsg_pid{-889663001} }}, nlmsgerr{StructNlMsgErr{ error{-2}, msg{StructNlMsgHdr{ nlmsg_len{80}, nlmsg_type{256()}, nlmsg_flags{261(NLM_F_REQUEST|NLM_F_ACK|NLM_F_ROOT)}, nlmsg_seq{1}, nlmsg_pid{0} }} }} } failed: ENOENT (No such file or directory)
04-15 21:56:25.850  2627  2670 E NetlinkUtils: receiveNetlinkAck, errmsg=NetlinkErrorMessage{ nlmsghdr{StructNlMsgHdr{ nlmsg_len{100}, nlmsg_type{2()}, nlmsg_flags{0()}, nlmsg_seq{1}, nlmsg_pid{-598364143} }}, nlmsgerr{StructNlMsgErr{ error{-2}, msg{StructNlMsgHdr{ nlmsg_len{80}, nlmsg_type{256()}, nlmsg_flags{261(NLM_F_REQUEST|NLM_F_ACK|NLM_F_ROOT)}, nlmsg_seq{1}, nlmsg_pid{0} }} }} }
04-15 21:56:25.850  2627  2670 W Tethering: [BpfCoordinator] WARN Failed to update conntrack entry (proto: 6, src4: /10.191.61.20, srcPort: 51778, dst4: /216.239.36.223, dstPort: 443), msg: 50000000000105010100000000000000020000003400018014000180080001000ABF3D1408000200D8EF24DF1C000280050001000600000006000200CA4200000600030001BB00000800070000069780, e: android.system.ErrnoException: NetlinkErrorMessage{ nlmsghdr{StructNlMsgHdr{ nlmsg_len{100}, nlmsg_type{2()}, nlmsg_flags{0()}, nlmsg_seq{1}, nlmsg_pid{-598364143} }}, nlmsgerr{StructNlMsgErr{ error{-2}, msg{StructNlMsgHdr{ nlmsg_len{80}, nlmsg_type{256()}, nlmsg_flags{261(NLM_F_REQUEST|NLM_F_ACK|NLM_F_ROOT)}, nlmsg_seq{1}, nlmsg_pid{0} }} }} } failed: ENOENT (No such file or directory)
04-15 21:56:25.872  2627  2670 E NetlinkUtils: receiveNetlinkAck, errmsg=NetlinkErrorMessage{ nlmsghdr{StructNlMsgHdr{ nlmsg_len{100}, nlmsg_type{2()}, nlmsg_flags{0()}, nlmsg_seq{1}, nlmsg_pid{-1799183634} }}, nlmsgerr{StructNlMsgErr{ error{-2}, msg{StructNlMsgHdr{ nlmsg_len{80}, nlmsg_type{256()}, nlmsg_flags{261(NLM_F_REQUEST|NLM_F_ACK|NLM_F_ROOT)}, nlmsg_seq{1}, nlmsg_pid{0} }} }} }
04-15 21:56:25.872  2627  2670 W Tethering: [BpfCoordinator] WARN Failed to update conntrack entry (proto: 6, src4: /10.191.61.20, srcPort: 44850, dst4: /157.240.234.15, dstPort: 443), msg: 50000000000105010100000000000000020000003400018014000180080001000ABF3D14080002009DF0EA0F1C000280050001000600000006000200AF3200000600030001BB00000800070000069780, e: android.system.ErrnoException: NetlinkErrorMessage{ nlmsghdr{StructNlMsgHdr{ nlmsg_len{100}, nlmsg_type{2()}, nlmsg_flags{0()}, nlmsg_seq{1}, nlmsg_pid{-1799183634} }}, nlmsgerr{StructNlMsgErr{ error{-2}, msg{StructNlMsgHdr{ nlmsg_len{80}, nlmsg_type{256()}, nlmsg_flags{261(NLM_F_REQUEST|NLM_F_ACK|NLM_F_ROOT)}, nlmsg_seq{1}, nlmsg_pid{0} }} }} } failed: ENOENT (No such file or directory)
04-15 21:56:25.888  2627  2670 E NetlinkUtils: receiveNetlinkAck, errmsg=NetlinkErrorMessage{ nlmsghdr{StructNlMsgHdr{ nlmsg_len{100}, nlmsg_type{2()}, nlmsg_flags{0()}, nlmsg_seq{1}, nlmsg_pid{-1008615209} }}, nlmsgerr{StructNlMsgErr{ error{-2}, msg{StructNlMsgHdr{ nlmsg_len{80}, nlmsg_type{256()}, nlmsg_flags{261(NLM_F_REQUEST|NLM_F_ACK|NLM_F_ROOT)}, nlmsg_seq{1}, nlmsg_pid{0} }} }} }
04-15 21:56:25.888  2627  2670 W Tethering: [BpfCoordinator] WARN Failed to update conntrack entry (proto: 6, src4: /10.191.61.20, srcPort: 51778, dst4: /216.239.36.223, dstPort: 443), msg: 50000000000105010100000000000000020000003400018014000180080001000ABF3D1408000200D8EF24DF1C000280050001000600000006000200CA4200000600030001BB00000800070000069780, e: android.system.ErrnoException: NetlinkErrorMessage{ nlmsghdr{StructNlMsgHdr{ nlmsg_len{100}, nlmsg_type{2()}, nlmsg_flags{0()}, nlmsg_seq{1}, nlmsg_pid{-1008615209} }}, nlmsgerr{StructNlMsgErr{ error{-2}, msg{StructNlMsgHdr{ nlmsg_len{80}, nlmsg_type{256()}, nlmsg_flags{261(NLM_F_REQUEST|NLM_F_ACK|NLM_F_ROOT)}, nlmsg_seq{1}, nlmsg_pid{0} }} }} } failed: ENOENT (No such file or directory)
04-15 21:56:25.905  2627  2670 E NetlinkUtils: receiveNetlinkAck, errmsg=NetlinkErrorMessage{ nlmsghdr{StructNlMsgHdr{ nlmsg_len{100}, nlmsg_type{2()}, nlmsg_flags{0()}, nlmsg_seq{1}, nlmsg_pid{-898471154} }}, nlmsgerr{StructNlMsgErr{ error{-2}, msg{StructNlMsgHdr{ nlmsg_len{80}, nlmsg_type{256()}, nlmsg_flags{261(NLM_F_REQUEST|NLM_F_ACK|NLM_F_ROOT)}, nlmsg_seq{1}, nlmsg_pid{0} }} }} }
04-15 21:56:25.905  2627  2670 W Tethering: [BpfCoordinator] WARN Failed to update conntrack entry (proto: 6, src4: /10.191.61.53, srcPort: 57214, dst4: /52.168.117.174, dstPort: 443), msg: 50000000000105010100000000000000020000003400018014000180080001000ABF3D350800020034A875AE1C000280050001000600000006000200DF7E00000600030001BB00000800070000069780, e: android.system.ErrnoException: NetlinkErrorMessage{ nlmsghdr{StructNlMsgHdr{ nlmsg_len{100}, nlmsg_type{2()}, nlmsg_flags{0()}, nlmsg_seq{1}, nlmsg_pid{-898471154} }}, nlmsgerr{StructNlMsgErr{ error{-2}, msg{StructNlMsgHdr{ nlmsg_len{80}, nlmsg_type{256()}, nlmsg_flags{261(NLM_F_REQUEST|NLM_F_ACK|NLM_F_ROOT)}, nlmsg_seq{1}, nlmsg_pid{0} }} }} } failed: ENOENT (No such file or directory)
04-15 21:56:26.093  5844  7054 D JavaheapMonitor: Java heap used=11M max=256M, proc: com.mi.globalminusscreen
04-15 21:56:26.093  5844  7054 V JavaheapMonitor: Check java heap usage finished! Next check delay: 300000
04-15 21:56:26.141 31101 25537 I MediaCodec: [mId: 39] [audio-debug-dec] Stats 5008ms:Client:com.facebook.katana,Component:c2.android.aac.decoder,Qin:0,DQin:0/5,Render:0,Drop:0,DQout:0/0
04-15 21:56:26.178  1329  1619 D connsyslogger: SD_LOG_ROOT is /data/debuglogger/connsyslog/fw.
04-15 21:56:26.178  1329  1619 D connsyslogger: systemReady:1
04-15 21:56:26.323  9348  9459 D JavaheapMonitor: Java heap used=2M max=512M, proc: com.android.bluetooth
04-15 21:56:26.323  7976  8964 D JavaheapMonitor: Java heap used=5M max=256M, proc: com.google.android.gms.unstable
04-15 21:56:26.323  7976  8964 V JavaheapMonitor: Check java heap usage finished! Next check delay: 300000
04-15 21:56:26.323  9348  9459 V JavaheapMonitor: Check java heap usage finished! Next check delay: 300000
04-15 21:56:26.356 18791 18978 D JavaheapMonitor: Java heap used=6M max=256M, proc: com.google.android.as
04-15 21:56:26.356 18791 18978 V JavaheapMonitor: Check java heap usage finished! Next check delay: 300000
04-15 21:56:26.426  3750  4425 D JavaheapMonitor: Java heap used=3M max=256M, proc: com.google.android.ext.services
04-15 21:56:26.427  3750  4425 V JavaheapMonitor: Check java heap usage finished! Next check delay: 300000
04-15 21:56:26.438  8328  8567 E msys    : E[N mns:DGWClient]_OnDiskCacheGetData(632)=>Start post callback cache refresh DNS resolution
04-15 21:56:26.439  1704  7023 E msys    : E[N mns]_OnDiskCacheGetData(632)=>Start post callback cache refresh DNS resolution
04-15 21:56:26.441  1704  7023 W LibevQuicAsyncUDPSocket.h: setTosOrTrafficClass not implemented in LibevQuicAsyncUDPSocket
04-15 21:56:26.450  2494  4352 D JavaheapMonitor: Java heap used=2M max=256M, proc: com.miui.miwallpaper
04-15 21:56:26.450  2494  4352 V JavaheapMonitor: Check java heap usage finished! Next check delay: 300000
04-15 21:56:26.455  8328  8567 E msys    : E[N mns:DGWClient]_LogError(228)=>Failed to resolve using system DNS resolver, getaddrinfo(): No address associated with hostname
04-15 21:56:26.455  8328  8567 E msys    : E[N mns:DGWClient]_OnDiskCacheGetData(632)=>Start post callback cache refresh DNS resolution
04-15 21:56:26.455  1704  7023 E MvfstCallbacks.cpp: onConnectionSetupError: error=TransportError: Internal Error, Error on socket write Operation not permitted, 
04-15 21:56:26.456  1704  7023 E msys    : E[N mns]_LogError(228)=>Failed to resolve using system DNS resolver, getaddrinfo(): No address associated with hostname
04-15 21:56:26.456  1704  7023 E msys    : E[N mns]_OnDiskCacheGetData(632)=>Start post callback cache refresh DNS resolution
04-15 21:56:26.457  1704  7023 E msys    : E[N mns]_LogError(228)=>Failed to resolve using system DNS resolver, getaddrinfo(): No address associated with hostname
04-15 21:56:26.458  8328  8567 E msys    : E[N mns:DGWClient]_LogError(228)=>Failed to resolve using system DNS resolver, getaddrinfo(): No address associated with hostname
04-15 21:56:26.524  8793 11779 D JavaheapMonitor: Java heap used=4M max=256M, proc: com.xiaomi.mi_connect_service:idm
04-15 21:56:26.524 31207  1819 D JavaheapMonitor: Java heap used=2M max=256M, proc: com.android.chrome:privileged_process6
04-15 21:56:26.524 31207  1819 V JavaheapMonitor: Check java heap usage finished! Next check delay: 300000
04-15 21:56:26.525  8793 11779 V JavaheapMonitor: Check java heap usage finished! Next check delay: 300000
04-15 21:56:26.564  5852  7199 D JavaheapMonitor: Java heap used=7M max=256M, proc: com.mi.appfinder
04-15 21:56:26.564  5852  7199 V JavaheapMonitor: Check java heap usage finished! Next check delay: 300000
04-15 21:56:26.629 18678 21793 D JavaheapMonitor: Java heap used=2M max=256M, proc: com.miui.analytics
04-15 21:56:26.629 18678 21793 V JavaheapMonitor: Check java heap usage finished! Next check delay: 300000
04-15 21:56:26.791  1022  1095 I libPerfCtl: xgfGetFPS pid:2756 fps:-1
04-15 21:56:27.181  1803  2274 D HyperStabilitySdkService: checkDmabufStatus done, exceedLimitsList:[], totalDmabufSize:0
04-15 21:56:27.263  8328  8567 E msys    : E[N mns:DGWClient]_OnDiskCacheGetData(632)=>Start post callback cache refresh DNS resolution
04-15 21:56:27.271  8328  8567 E msys    : E[N mns:DGWClient]_LogError(228)=>Failed to resolve using system DNS resolver, getaddrinfo(): No address associated with hostname
04-15 21:56:27.363  8328  8567 E msys    : E[N mns:DGWClient]_OnDiskCacheGetData(632)=>Start post callback cache refresh DNS resolution
04-15 21:56:27.378  8328  8567 E msys    : E[N mns:DGWClient]_LogError(228)=>Failed to resolve using system DNS resolver, getaddrinfo(): No address associated with hostname
04-15 21:56:27.461  1803  2244 D ActionExecute: setPkgData uid = 10447 time=8000
04-15 21:56:27.609 15308 15572 D JavaheapMonitor: Java heap used=7M max=256M, proc: com.miui.securitycenter:ui
04-15 21:56:27.610 15308 15572 V JavaheapMonitor: Check java heap usage finished! Next check delay: 300000
04-15 21:56:27.748  1704  7023 E msys    : E[N mns]_OnDiskCacheGetData(632)=>Start post callback cache refresh DNS resolution
04-15 21:56:27.749  1704  7023 W LibevQuicAsyncUDPSocket.h: setTosOrTrafficClass not implemented in LibevQuicAsyncUDPSocket
04-15 21:56:27.757  1704  7023 E MvfstCallbacks.cpp: onConnectionSetupError: error=TransportError: Internal Error, Error on socket write Operation not permitted, 
04-15 21:56:27.757  1704  7023 E msys    : E[N mns]_LogError(228)=>Failed to resolve using system DNS resolver, getaddrinfo(): No address associated with hostname
04-15 21:56:27.793  1022  1095 I libPerfCtl: xgfGetFPS pid:2756 fps:-1
04-15 21:56:27.877  5103  5103 D ControlCenterHeaderExpandController: onExpansionChanged: progress =  0.0
04-15 21:56:27.878  5103  5103 D ControlCenterHeaderExpandController: onExpansionChanged: progress =  0.0
04-15 21:56:27.878  5103  5103 D DynamicIslandWindowViewController: handleDynamicIsland: action_avoid_screen_burn_in_tran
04-15 21:56:27.880  5103  5103 D AvoidScreenBurnInHelper:  flow screenBurnInStrategy  0 
04-15 21:56:27.899  1124  1124 D MI-SF   : isTpIdleScene mSetTpIdleFlag 0, mSetLtpoTpIdleFlag 0
04-15 21:56:27.899  1124  1124 D DisplayModeController: setDesiredMode 4627039422300187648 {mode={fps=120.00 Hz, modePtr={id=2, vsyncRate=120.00 Hz, peakRefreshRate=120.00 Hz}}, emitEvent=true, force=false}
04-15 21:56:27.899  1124  1124 D Scheduler: MtkOverrideDuration: update vsync 120
04-15 21:56:27.899  1124  1124 D Scheduler: MtkOverrideDuration: reset override duration
04-15 21:56:27.899  1124  1124 I PowerHalWrapper: updateFps(): 120
04-15 21:56:27.901  1006  1647 I hwcomposer: [DRMDEV] (0:62) failed to waitNextVsync: -1  
04-15 21:56:27.903  8970  9327 E msys    : E[N mns:DGWClient]_OnDiskCacheGetData(1102)=>Start post callback cache refresh DNS resolution
04-15 21:56:27.904  1124  1124 W binder:1124_1: type=1400 audit(0.0:5905183): avc:  denied  { search } for  name="mcd" dev="dm-59" ino=462 scontext=u:r:surfaceflinger:s0 tcontext=u:object_r:mcd_data_file:s0 tclass=dir permissive=0
04-15 21:56:27.913  1124  1124 I BufferQueueProducer: [StatusBar#69343](this:0xb400007c5ed06db0,id:-1,api:0,p:-1,c:1124) queueBuffer: fps=0.07 dur=27826.74 max=27818.88 min=7.85
04-15 21:56:27.915  1006  1006 I hwcomposer: [HWCDisplay] (0) setActiveConfigWithConstraints config:2  
04-15 21:56:27.915  1006  1006 I hwcomposer: [HWCDisplay] setActiveConfigWithConstraints(), now 176817177285615, diff 334769, estimated_applied_time 16666667 queued_size:0  
04-15 21:56:27.916  1124  1124 D CompositionEngine: AodOverrideCEHelper 1 setEnabled
04-15 21:56:27.917  1124  1124 E HwcComposer: presentOrValidateDisplay 0 presentFence:-1
04-15 21:56:27.917  1006  1006 I hwcomposer: [HWCDisplay] [Display_0 (type:1, mode:2)] fps:0.278665,dur:7177.07,max:7172.47,min:4.61  
04-15 21:56:27.918  1006  1647 I hwcomposer: [DRMDEV] (0:62) failed to waitNextVsync: -1  
04-15 21:56:27.920  1124  1699 W libc    : Access denied finding property "ro.vendor.display.max_hdr_luminance"
04-15 21:56:27.912  1124  1124 W binder:1124_1: type=1400 audit(0.0:5905184): avc:  denied  { search } for  name="mcd" dev="dm-59" ino=462 scontext=u:r:surfaceflinger:s0 tcontext=u:object_r:mcd_data_file:s0 tclass=dir permissive=0
04-15 21:56:27.916  1124  1124 W binder:1124_1: type=1400 audit(0.0:5905185): avc:  denied  { search } for  name="mcd" dev="dm-59" ino=462 scontext=u:r:surfaceflinger:s0 tcontext=u:object_r:mcd_data_file:s0 tclass=dir permissive=0
04-15 21:56:27.924  1124  1124 W binder:1124_1: type=1400 audit(0.0:5905186): avc:  denied  { search } for  name="mcd" dev="dm-59" ino=462 scontext=u:r:surfaceflinger:s0 tcontext=u:object_r:mcd_data_file:s0 tclass=dir permissive=0
04-15 21:56:27.928  1124  1124 D SurfaceFlinger: backpressure when mode change
04-15 21:56:27.932  8970  9327 E msys    : E[N mns:DGWClient]_LogError(285)=>Failed to resolve using system DNS resolver, getaddrinfo(): No address associated with hostname
04-15 21:56:27.932  8970  9327 E msys    : E[N mns:DGWClient]_OnDiskCacheGetData(1102)=>Start post callback cache refresh DNS resolution
04-15 21:56:27.933  1006  1647 I hwcomposer: [DRMDEV] (0:62) failed to waitNextVsync: -1  
04-15 21:56:27.935  8970  9327 E msys    : E[N mns:DGWClient]_LogError(285)=>Failed to resolve using system DNS resolver, getaddrinfo(): No address associated with hostname
04-15 21:56:27.943  1006  1721 I hwcomposer: [HWCDisplay] updateAppliedConfigState: applied config complete[idx:16710, config:2]  
04-15 21:56:27.945  1124  1124 I PowerHalWrapper: updateFps(): 120
04-15 21:56:27.945  1124  1124 D SurfaceFlinger: finalizeDisplayModeChange: display size = 1
04-15 21:56:27.945  1124  1124 I PowerHalWrapper: mEnableMultiDisplayMode enable=0 fps=120
04-15 21:56:27.945  1124  1124 I mtkpower_client: PowerHal_Wrap_EnableMultiDisplayMode, enable:0 fps:120 CurMultiDisplayMode:-1
04-15 21:56:27.947  1124  1124 I BufferQueueProducer: [DynamicIslandWindow#160455](this:0xb400007c5eec03e0,id:-1,api:0,p:-1,c:1124) queueBuffer: fps=0.02 dur=60030.40 max=60030.40 min=60030.40
04-15 21:56:27.947  1124  1124 I BufferQueueProducer: [NavigationBar0#69342](this:0xb400007c5ed01290,id:-1,api:0,p:-1,c:1124) queueBuffer: fps=0.02 dur=60038.32 max=60038.32 min=60038.32
04-15 21:56:27.947  1124  1124 I BufferQueueProducer: [StatusBar1#69348](this:0xb400007c5ecfe500,id:-1,api:0,p:-1,c:1124) queueBuffer: fps=0.07 dur=27860.48 max=27852.53 min=7.95
04-15 21:56:27.948  1124  1124 I PowerHalWrapper: updateFps(): 120
04-15 21:56:27.950  1124  1124 D CompositionEngine: AodOverrideCEHelper 1 setEnabled
04-15 21:56:28.074  1448  1903 D ULogGuard: Monitoring: 20 threads, 0 requests, 0 time-bombs; 8 guards. ResetFlags = 0x7
04-15 21:56:28.106 31101 15600 D AudioTrackImpl: [audioTrackData][fine] 30s(f:30052 m:0 s:0 k:0 z:0) : pid 31101 uid 10313 sessionId 34209 sr 44100 ch 2 fmt 1 maxAmplitude 7419
04-15 21:56:28.123  1124  1699 W libc    : Access denied finding property "ro.vendor.display.max_hdr_luminance"
04-15 21:56:28.144 31101 25873 I MediaCodec: [mId: 40] [video-debug-dec] Stats 5010ms:Client:com.facebook.katana,Component:c2.mtk.av1.decoder.lowlatency,Qin:0,DQin:0/5,Render:0,Drop:0,DQout:0/0
04-15 21:56:28.179  1329  1619 D connsyslogger: SD_LOG_ROOT is /data/debuglogger/connsyslog/fw.
04-15 21:56:28.179  1329  1619 D connsyslogger: systemReady:1
04-15 21:56:28.223 10371 10627 D JavaheapMonitor: Java heap used=8M max=256M, proc: com.miui.powerkeeper
04-15 21:56:28.224 10371 10627 V JavaheapMonitor: Check java heap usage finished! Next check delay: 300000
04-15 21:56:28.298  1803  3525 W ActivityManager: Unbind failed: could not find connection for android.os.BinderProxy@17223b6
04-15 21:56:28.300  2755  2755 D SatelliteModemInterface: Binding to com.mediatek.satellite.service
04-15 21:56:28.307  1803  3525 W ActivityManager: Unable to start service Intent { act=android.telephony.satellite.SatelliteService xflg=0x4 pkg=com.mediatek.satellite.service } U=0: not found
04-15 21:56:28.309  2755  2755 E SatelliteModemInterface: Error binding to the satellite service. Retrying in 43478 ms.
04-15 21:56:28.457  1803  2320 E DeviceGuardManagerService: bindLockRemoteService result = null
04-15 21:56:28.494  4590  4700 D JavaheapMonitor: Java heap used=5M max=256M, proc: com.xiaomi.bluetooth
04-15 21:56:28.494  4590  4700 V JavaheapMonitor: Check java heap usage finished! Next check delay: 300000
04-15 21:56:28.610  1803  1952 I ThermalObserver: Gallery hdr is disable by thermal.
04-15 21:56:28.793 20154 21752 D JavaheapMonitor: Java heap used=4M max=256M, proc: com.facebook.services
04-15 21:56:28.794 20154 21752 V JavaheapMonitor: Check java heap usage finished! Next check delay: 300000
04-15 21:56:28.794  1022  1095 I libPerfCtl: xgfGetFPS pid:2756 fps:-1
04-15 21:56:28.794  1022  1095 I libPerfCtl: xgfGetFPS pid:5103 fps:-1
04-15 21:56:28.913  9943 10456 D JavaheapMonitor: Java heap used=3M max=256M, proc: android.process.media
04-15 21:56:28.914  9943 10456 V JavaheapMonitor: Check java heap usage finished! Next check delay: 300000
04-15 21:56:28.949  8970  9327 E msys    : E[N mns:DGWClient]_OnDiskCacheGetData(1102)=>Start post callback cache refresh DNS resolution
04-15 21:56:28.959  8970  9327 E msys    : E[N mns:DGWClient]_LogError(285)=>Failed to resolve using system DNS resolver, getaddrinfo(): No address associated with hostname
04-15 21:56:29.029  1124  1124 D DisplayModeController: setDesiredMode 4627039422300187648 {mode={fps=60.00 Hz, modePtr={id=0, vsyncRate=60.00 Hz, peakRefreshRate=60.00 Hz}}, emitEvent=false, force=false}
04-15 21:56:29.029  1124  1124 D Scheduler: MtkOverrideDuration: update vsync 60
04-15 21:56:29.029  1124  1124 D Scheduler: MtkOverrideDuration: reset override duration
04-15 21:56:29.030  1124  1124 I PowerHalWrapper: updateFps(): 60
04-15 21:56:29.030  1006  1647 I hwcomposer: [DRMDEV] (0:62) failed to waitNextVsync: -1  
04-15 21:56:29.034  1006  1647 I hwcomposer: [DRMDEV] (0:62) failed to waitNextVsync: -1  
04-15 21:56:29.037  1006  1006 I hwcomposer: [HWCDisplay] (0) setActiveConfigWithConstraints config:0  
04-15 21:56:29.037  1006  1006 I hwcomposer: [HWCDisplay] setActiveConfigWithConstraints(), now 176818299059769, diff 461231, estimated_applied_time 8333333 queued_size:0  
04-15 21:56:29.038  1124  1124 D CompositionEngine: AodOverrideCEHelper 1 setEnabled
04-15 21:56:29.040  1124  1124 E HwcComposer: presentOrValidateDisplay 0 presentFence:-1
04-15 21:56:29.041  1006  1006 I hwcomposer: [HWCDisplay] [Display_0 (type:1, mode:2)] fps:1.780098,dur:1123.53,max:1090.03,min:33.51  
04-15 21:56:29.045  1124  1124 I PowerHalWrapper: updateFps(): 60
04-15 21:56:29.045  1124  1124 D SurfaceFlinger: finalizeDisplayModeChange: display size = 1
04-15 21:56:29.045  1124  1124 I PowerHalWrapper: mEnableMultiDisplayMode enable=0 fps=60
04-15 21:56:29.045  1124  1124 I mtkpower_client: PowerHal_Wrap_EnableMultiDisplayMode, enable:0 fps:60 CurMultiDisplayMode:-1
04-15 21:56:29.045  9793 10515 D JavaheapMonitor: Java heap used=6M max=256M, proc: com.google.android.gms.unstable
04-15 21:56:29.046  1124  1124 I PowerHalWrapper: updateFps(): 60
04-15 21:56:29.046  9793 10515 V JavaheapMonitor: Check java heap usage finished! Next check delay: 300000
04-15 21:56:29.047  1124  1124 D CompositionEngine: AodOverrideCEHelper 1 setEnabled
04-15 21:56:29.047  1006  1647 I hwcomposer: [DRMDEV] (0:62) failed to waitNextVsync: -1  
04-15 21:56:29.050  1006  1647 I hwcomposer: [DRMDEV] (0:62) failed to waitNextVsync: -1  
04-15 21:56:29.051  1124  1699 W libc    : Access denied finding property "ro.vendor.display.max_hdr_luminance"
04-15 21:56:29.059  1006  1647 I hwcomposer: [DRMDEV] (0:62) failed to waitNextVsync: -1  
04-15 21:56:29.067  1006  1647 I hwcomposer: [DRMDEV] (0:62) failed to waitNextVsync: -1  
04-15 21:56:29.090  1006  1721 I hwcomposer: [HWCDisplay] updateAppliedConfigState: applied config complete[idx:16711, config:0]  
04-15 21:56:29.109 31101 15603 I MediaCodec: [mId: 45] [audio-debug-dec] Stats 5007ms:Client:com.facebook.katana,Component:c2.android.aac.decoder,Qin:0,DQin:0/5,Render:0,Drop:0,DQout:0/0
04-15 21:56:29.165  1431  1497 E WifiStandalone: conditional wait timedout
04-15 21:56:29.287  1803  3070 D SLM-SRV-SLAService: checktemp temperature = 42541 temperature_average = 42725 isPerformanceMode = false thermal_enable_slm = true
04-15 21:56:29.449  1803  1945 D AES     : AEEIOCTL_GET/SET_SF_STATE IOCTL,cmd= 1074294797, lParam=0. 
04-15 21:56:29.450  1803  1945 D AES     : AEEIOCTL_RT_MON_Kick IOCTL,cmd= 2147774474, lParam=300. 
04-15 21:56:29.504 19747 19844 D JavaheapMonitor: Java heap used=33M max=256M, proc: com.google.android.gms
04-15 21:56:29.505 19747 19844 V JavaheapMonitor: Check java heap usage finished! Next check delay: 300000
04-15 21:56:29.720 24861 24921 D JavaheapMonitor: Java heap used=4M max=256M, proc: com.google.android.gms.learning
04-15 21:56:29.721 24861 24921 V JavaheapMonitor: Check java heap usage finished! Next check delay: 300000
04-15 21:56:29.792  8970  9327 E msys    : E[N mns:DGWClient]_OnDiskCacheGetData(1102)=>Start post callback cache refresh DNS resolution
04-15 21:56:29.793  1022  1095 I libPerfCtl: xgfGetFPS pid:5103 fps:-1
04-15 21:56:29.806  8970  9327 E msys    : E[N mns:DGWClient]_LogError(285)=>Failed to resolve using system DNS resolver, getaddrinfo(): No address associated with hostname
04-15 21:56:29.945  8970  9327 E msys    : E[N mns:DGWClient]_OnDiskCacheGetData(1102)=>Start post callback cache refresh DNS resolution
04-15 21:56:29.954  8970  9327 E msys    : E[N mns:DGWClient]_LogError(285)=>Failed to resolve using system DNS resolver, getaddrinfo(): No address associated with hostname
04-15 21:56:30.118  5196  5716 I PhenotypeProcessReaper: Memory state is: 125
04-15 21:56:30.180  1329  1619 D connsyslogger: SD_LOG_ROOT is /data/debuglogger/connsyslog/fw.
04-15 21:56:30.181  1329  1619 D connsyslogger: systemReady:1
04-15 21:56:30.315  1803  3057 I NetworkBoostStatusManager: handle: 107
04-15 21:56:30.339  1803  3057 D SLM-SRV-SLAService: isModemSingnalStrengthStatus = 0
04-15 21:56:30.412  1329  1622 D connsyslogger: idx=0 Bootup Log: 2 log files! filecount=3 
04-15 21:56:30.412  1329  1622 D connsyslogger: idx=1 Bootup Log: 2 log files! filecount=3 
04-15 21:56:30.416  1329  1741 I connsyslogger: thrLogWriter: LogBuf=265.343750KB,idx=0
04-15 21:56:30.817   759  2329 D JavaheapMonitor: Java heap used=12M max=256M, proc: com.xiaomi.mipicks
04-15 21:56:30.818   759  2329 V JavaheapMonitor: Check java heap usage finished! Next check delay: 300000
