04-15 21:56:30.884  3929  9325 D JavaheapMonitor: Java heap used=17M max=256M, proc: com.google.android.apps.messaging
04-15 21:56:30.885  3929  9325 V JavaheapMonitor: Check java heap usage finished! Next check delay: 300000
04-15 21:56:30.966  2702  4436 D JavaheapMonitor: Java heap used=2M max=256M, proc: com.xiaomi.hypercomm
04-15 21:56:30.967  2702  4436 V JavaheapMonitor: Check java heap usage finished! Next check delay: 300000
04-15 21:56:31.076  1448  1903 D ULogGuard: Monitoring: 20 threads, 0 requests, 0 time-bombs; 8 guards. ResetFlags = 0x7
04-15 21:56:31.150 31101 25537 I MediaCodec: [mId: 39] [audio-debug-dec] Stats 5009ms:Client:com.facebook.katana,Component:c2.android.aac.decoder,Qin:0,DQin:0/5,Render:0,Drop:0,DQout:0/0
04-15 21:56:31.300  5590  9492 D JavaheapMonitor: Java heap used=2M max=256M, proc: com.android.nfc
04-15 21:56:31.300  5590  9492 V JavaheapMonitor: Check java heap usage finished! Next check delay: 300000
04-15 21:56:31.383 12943 21233 D JavaheapMonitor: Java heap used=2M max=256M, proc: com.miui.weather2
04-15 21:56:31.383 24576 24631 D JavaheapMonitor: Java heap used=4M max=256M, proc: com.google.android.gms:snet
04-15 21:56:31.383 24576 24631 V JavaheapMonitor: Check java heap usage finished! Next check delay: 300000
04-15 21:56:31.383 12943 21233 V JavaheapMonitor: Check java heap usage finished! Next check delay: 300000
04-15 21:56:31.747 24977 25159 D JavaheapMonitor: Java heap used=5M max=256M, proc: com.google.android.gms:snet
04-15 21:56:31.748 24977 25159 V JavaheapMonitor: Check java heap usage finished! Next check delay: 300000
04-15 21:56:32.146  2627  2666 D JavaheapMonitor: Java heap used=5M max=256M, proc: com.android.networkstack.process
04-15 21:56:32.146  2627  2666 V JavaheapMonitor: Check java heap usage finished! Next check delay: 300000
04-15 21:56:32.171 20473 20528 D JavaheapMonitor: Java heap used=40M max=256M, proc: com.google.android.gms.persistent
04-15 21:56:32.171 20473 20528 V JavaheapMonitor: Check java heap usage finished! Next check delay: 300000
04-15 21:56:32.181  1329  1619 D connsyslogger: SD_LOG_ROOT is /data/debuglogger/connsyslog/fw.
04-15 21:56:32.182  1329  1619 D connsyslogger: systemReady:1
04-15 21:56:32.262  5467  6064 D JavaheapMonitor: Java heap used=13M max=256M, proc: com.google.android.providers.media.module
04-15 21:56:32.263  5467  6064 V JavaheapMonitor: Check java heap usage finished! Next check delay: 300000
04-15 21:56:32.300  1803  2244 D PolicyMaker: uid =10320 pkg=com.whatsapp reason=importantapp
04-15 21:56:32.542  1803  2244 D ActionExecute: setPkgData uid = 10320 time=8000
04-15 21:56:32.638  1027  1086 I libPowerHal: perfUserScnCheckAll
04-15 21:56:32.639  1027  1086 I libPowerHal: perfScnDumpAll cmd:0
04-15 21:56:32.639  1027  1086 I libPowerHal: ========================
04-15 21:56:32.639  1027  1086 I libPowerHal: ========================
04-15 21:56:33.060  3769  4410 D JavaheapMonitor: Java heap used=2M max=512M, proc: com.miui.securitycore.remote
04-15 21:56:33.061  3769  4410 V JavaheapMonitor: Check java heap usage finished! Next check delay: 300000
04-15 21:56:33.115 31101 15600 D AudioTrackImpl: [audioTrackData][fine] 35s(f:35060 m:0 s:0 k:0 z:0) : pid 31101 uid 10313 sessionId 34209 sr 44100 ch 2 fmt 1 maxAmplitude 7419
04-15 21:56:33.135 19549 19793 D JavaheapMonitor: Java heap used=22M max=256M, proc: com.google.android.gms
04-15 21:56:33.136 19549 19793 V JavaheapMonitor: Check java heap usage finished! Next check delay: 300000
04-15 21:56:33.150 31101 25873 I MediaCodec: [mId: 40] [video-debug-dec] Stats 5006ms:Client:com.facebook.katana,Component:c2.mtk.av1.decoder.lowlatency,Qin:0,DQin:0/5,Render:0,Drop:0,DQout:0/0
04-15 21:56:33.152 31101 25530 D AudioTrackImpl: [audioTrackData][fine] 5s(f:5007 m:0 s:0 k:0 z:0) : pid 31101 uid 10313 sessionId 33897 sr 44100 ch 2 fmt 1 maxAmplitude 16894
04-15 21:56:33.182  1803  2080 W ActivityManagerServiceImpl: Sending non-protected broadcast miui.intent.action.CYCLE_CHECK from system uid 1000 pkg android. Callers=com.android.server.am.BroadcastController.checkBroadcastFromSystem:2218 com.android.server.am.BroadcastController.broadcastIntentLockedTraced:1703 com.android.server.am.BroadcastController.broadcastIntentLocked:857 com.android.server.am.BroadcastController.broadcastIntentInPackage:824 com.android.server.am.ActivityManagerService$LocalService.broadcastIntentInPackage:18700 
04-15 21:56:33.183  1803  2080 D AlarmManager: mBroadcastRefCount -> 1
04-15 21:56:33.193  1803  1803 E AlarmManager: not align this alarm: Alarm{80df38e type 2 origWhen 260258832 whenElapsed 260258832 android}, reason=0
04-15 21:56:33.194  1803  1803 D BroadcastQueue: Logging broadcast for android, stopped=false, firstLaunch=false
04-15 21:56:33.194  1803  1803 D BroadcastQueue: Logging broadcast for android, stopped=false, firstLaunch=false
04-15 21:56:33.195  1803  1803 D AlarmManager: mBroadcastRefCount -> 0
04-15 21:56:33.195  1803  1803 D AlarmManager: mPendingIntent -> PendingIntent{61e45c7: PendingIntentRecord{31087f4 android broadcastIntent}}
04-15 21:56:33.198  1803  1832 I android_os_HwBinder: HwBinder: Starting thread pool for getting: vendor.xiaomi.hardware.micharge@1.0::IMiCharge/default
04-15 21:56:33.199  1048  1080 I vendor.xiaomi.hardware.micharge@1.0-service: ReadFilePathValue path = /sys/class/power_supply/battery/temp value = 426
04-15 21:56:33.202  1803  1832 I android_os_HwBinder: HwBinder: Starting thread pool for getting: vendor.xiaomi.hardware.micharge@1.0::IMiCharge/default
04-15 21:56:33.203  1048  1080 I vendor.xiaomi.hardware.micharge@1.0-service: ReadFilePathValue path = /sys/class/power_supply/battery/charge_control_limit value = 10
04-15 21:56:33.301  2425  3081 D JavaheapMonitor: Java heap used=26M max=512M, proc: com.miui.home
04-15 21:56:33.301  2425  3081 V JavaheapMonitor: Check java heap usage finished! Next check delay: 300000
04-15 21:56:33.463  1803  2320 E DeviceGuardManagerService: bindLockRemoteService result = null
04-15 21:56:33.649  5196  5352 D JavaheapMonitor: Java heap used=24M max=256M, proc: com.google.android.inputmethod.latin
04-15 21:56:33.649  5196  5352 V JavaheapMonitor: Check java heap usage finished! Next check delay: 300000
04-15 21:56:33.670  8328  8567 E msys    : E[N mns:DGWClient]_OnDiskCacheGetData(632)=>Start post callback cache refresh DNS resolution
04-15 21:56:33.674  1704  7023 E msys    : E[N mns]_OnDiskCacheGetData(632)=>Start post callback cache refresh DNS resolution
04-15 21:56:33.675  1704  7023 W LibevQuicAsyncUDPSocket.h: setTosOrTrafficClass not implemented in LibevQuicAsyncUDPSocket
04-15 21:56:33.685  8328  8567 E msys    : E[N mns:DGWClient]_LogError(228)=>Failed to resolve using system DNS resolver, getaddrinfo(): No address associated with hostname
04-15 21:56:33.685  8328  8567 E msys    : E[N mns:DGWClient]_OnDiskCacheGetData(632)=>Start post callback cache refresh DNS resolution
04-15 21:56:33.687  1704  7023 E MvfstCallbacks.cpp: onConnectionSetupError: error=TransportError: Internal Error, Error on socket write Operation not permitted, 
04-15 21:56:33.688 15939 19903 D JavaheapMonitor: Java heap used=15M max=256M, proc: com.android.chrome
04-15 21:56:33.688  1704  7023 E msys    : E[N mns]_LogError(228)=>Failed to resolve using system DNS resolver, getaddrinfo(): No address associated with hostname
04-15 21:56:33.688 15939 19903 V JavaheapMonitor: Check java heap usage finished! Next check delay: 300000
04-15 21:56:33.688  1704  7023 E msys    : E[N mns]_OnDiskCacheGetData(632)=>Start post callback cache refresh DNS resolution
04-15 21:56:33.689  8328  8567 E msys    : E[N mns:DGWClient]_LogError(228)=>Failed to resolve using system DNS resolver, getaddrinfo(): No address associated with hostname
04-15 21:56:33.690  1704  7023 E msys    : E[N mns]_LogError(228)=>Failed to resolve using system DNS resolver, getaddrinfo(): No address associated with hostname
04-15 21:56:33.787  1803  1823 I system_server: Background concurrent mark compact GC freed 14MB AllocSpace bytes, 25(528KB) LOS objects, 14% free, 141MB/165MB, paused 1.934ms,9.301ms total 538.333ms
04-15 21:56:33.798  1803  1952 D JavaheapMonitor: Java heap used=141M max=512M, proc: system_server
04-15 21:56:33.799  1803  1952 V JavaheapMonitor: Check java heap usage finished! Next check delay: 180000
04-15 21:56:34.077  1448  1903 D ULogGuard: Monitoring: 20 threads, 0 requests, 0 time-bombs; 8 guards. ResetFlags = 0x7
04-15 21:56:34.117 31101 15603 I MediaCodec: [mId: 45] [audio-debug-dec] Stats 5008ms:Client:com.facebook.katana,Component:c2.android.aac.decoder,Qin:0,DQin:0/5,Render:0,Drop:0,DQout:0/0
04-15 21:56:34.182  1329  1619 D connsyslogger: SD_LOG_ROOT is /data/debuglogger/connsyslog/fw.
04-15 21:56:34.182  1329  1619 D connsyslogger: systemReady:1
04-15 21:56:34.305 19467 22065 D JavaheapMonitor: Java heap used=3M max=256M, proc: com.miui.msa.global
04-15 21:56:34.306 19467 22065 V JavaheapMonitor: Check java heap usage finished! Next check delay: 300000
04-15 21:56:34.880  2692  4435 D JavaheapMonitor: Java heap used=2M max=256M, proc: com.mediatek.smartratswitch
04-15 21:56:34.880  2692  4435 V JavaheapMonitor: Check java heap usage finished! Next check delay: 300000
04-15 21:56:34.970  8328  8567 E msys    : E[N mns:DGWClient]_OnDiskCacheGetData(632)=>Start post callback cache refresh DNS resolution
04-15 21:56:34.981  8328  8567 E msys    : E[N mns:DGWClient]_LogError(228)=>Failed to resolve using system DNS resolver, getaddrinfo(): No address associated with hostname
04-15 21:56:35.084 18829 21673 D JavaheapMonitor: Java heap used=2M max=256M, proc: com.xiaomi.trustservice
04-15 21:56:35.085 18829 21673 V JavaheapMonitor: Check java heap usage finished! Next check delay: 300000
04-15 21:56:35.151  8970  9327 E msys    : E[N mns:DGWClient]_OnDiskCacheGetData(1102)=>Start post callback cache refresh DNS resolution
04-15 21:56:35.173  8970  9327 E msys    : E[N mns:DGWClient]_LogError(285)=>Failed to resolve using system DNS resolver, getaddrinfo(): No address associated with hostname
04-15 21:56:35.173  8970  9327 E msys    : E[N mns:DGWClient]_OnDiskCacheGetData(1102)=>Start post callback cache refresh DNS resolution
04-15 21:56:35.175  8970  9327 E msys    : E[N mns:DGWClient]_LogError(285)=>Failed to resolve using system DNS resolver, getaddrinfo(): No address associated with hostname
04-15 21:56:35.475  1329  1622 D connsyslogger: idx=0 Bootup Log: 2 log files! filecount=3 
04-15 21:56:35.475  1329  1622 D connsyslogger: idx=1 Bootup Log: 2 log files! filecount=3 
04-15 21:56:35.479  1329  1741 I connsyslogger: thrLogWriter: LogBuf=239.511719KB,idx=0
04-15 21:56:35.603 13351 13494 D JavaheapMonitor: Java heap used=10M max=512M, proc: com.google.android.googlequicksearchbox:interactor
04-15 21:56:35.604 13351 13494 V JavaheapMonitor: Check java heap usage finished! Next check delay: 300000
04-15 21:56:35.639  8328  8567 E msys    : E[N mns:DGWClient]_OnDiskCacheGetData(632)=>Start post callback cache refresh DNS resolution
04-15 21:56:35.651  8328  8567 E msys    : E[N mns:DGWClient]_LogError(228)=>Failed to resolve using system DNS resolver, getaddrinfo(): No address associated with hostname
04-15 21:56:35.651  1803  2244 D ActionExecute: setPkgData uid = 10447 time=8000
04-15 21:56:35.838 18897 21677 D JavaheapMonitor: Java heap used=4M max=256M, proc: com.milink.service:audio
04-15 21:56:35.839 18897 21677 V JavaheapMonitor: Check java heap usage finished! Next check delay: 300000
04-15 21:56:35.842  1704  7023 E msys    : E[N mns]_OnDiskCacheGetData(632)=>Start post callback cache refresh DNS resolution
04-15 21:56:35.842  1704  7023 W LibevQuicAsyncUDPSocket.h: setTosOrTrafficClass not implemented in LibevQuicAsyncUDPSocket
04-15 21:56:35.849  1704  7023 E MvfstCallbacks.cpp: onConnectionSetupError: error=TransportError: Internal Error, Error on socket write Operation not permitted, 
04-15 21:56:35.849  1704  7023 E msys    : E[N mns]_LogError(228)=>Failed to resolve using system DNS resolver, getaddrinfo(): No address associated with hostname
04-15 21:56:35.873 19556 19712 D JavaheapMonitor: Java heap used=16M max=256M, proc: com.google.android.gms.persistent
04-15 21:56:35.874 19556 19712 V JavaheapMonitor: Check java heap usage finished! Next check delay: 300000
04-15 21:56:35.936  2627  2670 I Tethering: [BpfCoordinator] onAlertReached
04-15 21:56:36.156 31101 25537 I MediaCodec: [mId: 39] [audio-debug-dec] Stats 5005ms:Client:com.facebook.katana,Component:c2.android.aac.decoder,Qin:0,DQin:0/5,Render:0,Drop:0,DQout:0/0
04-15 21:56:36.183  1329  1619 D connsyslogger: SD_LOG_ROOT is /data/debuglogger/connsyslog/fw.
04-15 21:56:36.183  1329  1619 D connsyslogger: systemReady:1
04-15 21:56:36.218  8970  9327 E msys    : E[N mns:DGWClient]_OnDiskCacheGetData(1102)=>Start post callback cache refresh DNS resolution
04-15 21:56:36.227  8970  9327 E msys    : E[N mns:DGWClient]_LogError(285)=>Failed to resolve using system DNS resolver, getaddrinfo(): No address associated with hostname
04-15 21:56:36.416  5844  7054 D JavaheapMonitor: Java heap used=11M max=256M, proc: com.mi.globalminusscreen
04-15 21:56:36.417  5844  7054 V JavaheapMonitor: Check java heap usage finished! Next check delay: 300000
04-15 21:56:36.781  6137 10130 D JavaheapMonitor: Java heap used=11M max=256M, proc: com.miui.securitycenter.remote
04-15 21:56:36.781  6137 10130 V JavaheapMonitor: Check java heap usage finished! Next check delay: 300000
04-15 21:56:36.856  8970  9327 E msys    : E[N mns:DGWClient]_OnDiskCacheGetData(1102)=>Start post callback cache refresh DNS resolution
04-15 21:56:36.867  8970  9327 E msys    : E[N mns:DGWClient]_LogError(285)=>Failed to resolve using system DNS resolver, getaddrinfo(): No address associated with hostname
04-15 21:56:36.979  8793 11779 D JavaheapMonitor: Java heap used=4M max=256M, proc: com.xiaomi.mi_connect_service:idm
04-15 21:56:36.980  8793 11779 V JavaheapMonitor: Check java heap usage finished! Next check delay: 300000
04-15 21:56:37.078  1448  1903 D ULogGuard: Monitoring: 20 threads, 0 requests, 0 time-bombs; 8 guards. ResetFlags = 0x7
04-15 21:56:37.143  2755  2755 D TelephonyManager: requestModemActivityInfo: Sending result to app: ModemActivityInfo{ mTimestamp=260232780 mSleepTimeMs=124156989 mIdleTimeMs=134624811 mActivityStatsTechSpecificInfo=[{mRat=UNKNOWN,mFrequencyRange=UNKNOWN,mTxTimeMs[]=[1311740, 25898, 17969, 49292, 99575],mRxTimeMs=1692561}]}
04-15 21:56:37.205  2755  2981 D JavaheapMonitor: Java heap used=13M max=256M, proc: com.android.phone
04-15 21:56:37.205  2755  2981 V JavaheapMonitor: Check java heap usage finished! Next check delay: 300000
04-15 21:56:37.354  8970  9327 E msys    : E[N mns:DGWClient]_OnDiskCacheGetData(1102)=>Start post callback cache refresh DNS resolution
04-15 21:56:37.369  8970  9327 E msys    : E[N mns:DGWClient]_LogError(285)=>Failed to resolve using system DNS resolver, getaddrinfo(): No address associated with hostname
04-15 21:56:38.122 31101 15600 D AudioTrackImpl: [audioTrackData][fine] 40s(f:40068 m:0 s:0 k:0 z:0) : pid 31101 uid 10313 sessionId 34209 sr 44100 ch 2 fmt 1 maxAmplitude 7419
04-15 21:56:38.157 31101 25873 I MediaCodec: [mId: 40] [video-debug-dec] Stats 5006ms:Client:com.facebook.katana,Component:c2.mtk.av1.decoder.lowlatency,Qin:0,DQin:0/5,Render:0,Drop:0,DQout:0/0
04-15 21:56:38.158 31101 25530 D AudioTrackImpl: [audioTrackData][fine] 10s(f:10013 m:0 s:0 k:0 z:0) : pid 31101 uid 10313 sessionId 33897 sr 44100 ch 2 fmt 1 maxAmplitude 16894
04-15 21:56:38.184  1329  1619 D connsyslogger: SD_LOG_ROOT is /data/debuglogger/connsyslog/fw.
04-15 21:56:38.184  1329  1619 D connsyslogger: systemReady:1
04-15 21:56:38.302  8970  9631 E msys    : E[N MQTT]onConnectError(562)=>Connect Error: folly::AsyncSocketException: AsyncSocketException: connect failed, type = Socket not open, errno = 110 (Connection timed out)
04-15 21:56:38.305  8970  9314 W RealtimeClientManager: Channel state: MqttChannelState{mConnectionState=DISCONNECTED, mDisconnectionReason=null, mLastConnectionMs=259915526, mLastDisconnectMs=260233945}
04-15 21:56:38.470  1803  2320 E DeviceGuardManagerService: bindLockRemoteService result = null
04-15 21:56:38.611  1803  1952 I ThermalObserver: Gallery hdr is disable by thermal.
04-15 21:56:38.653 18791 18978 D JavaheapMonitor: Java heap used=6M max=256M, proc: com.google.android.as
04-15 21:56:38.654 18791 18978 V JavaheapMonitor: Check java heap usage finished! Next check delay: 300000
04-15 21:56:39.125 31101 15603 I MediaCodec: [mId: 45] [audio-debug-dec] Stats 5008ms:Client:com.facebook.katana,Component:c2.android.aac.decoder,Qin:0,DQin:0/5,Render:0,Drop:0,DQout:0/0
04-15 21:56:39.158 18678 21793 D JavaheapMonitor: Java heap used=2M max=256M, proc: com.miui.analytics
04-15 21:56:39.159 18678 21793 V JavaheapMonitor: Check java heap usage finished! Next check delay: 300000
04-15 21:56:39.185 32211  1927 D JavaheapMonitor: Java heap used=15M max=256M, proc: com.microsoft.appmanager
04-15 21:56:39.185 32211  1927 V JavaheapMonitor: Check java heap usage finished! Next check delay: 300000
04-15 21:56:39.296  1803  3070 D SLM-SRV-SLAService: checktemp temperature = 42511 temperature_average = 42661 isPerformanceMode = false thermal_enable_slm = true
04-15 21:56:39.307  8970  9314 W RealtimeClientManager: Channel state: MqttChannelState{mConnectionState=CONNECTING, mDisconnectionReason=null, mLastConnectionMs=259915526, mLastDisconnectMs=260233945}
04-15 21:56:39.577  5103  5144 D JavaheapMonitor: Java heap used=69M max=256M, proc: com.android.systemui
04-15 21:56:39.578  5103  5144 V JavaheapMonitor: Check java heap usage finished! Next check delay: 180000
04-15 21:56:39.675  3750  4425 D JavaheapMonitor: Java heap used=3M max=256M, proc: com.google.android.ext.services
04-15 21:56:39.676  3750  4425 V JavaheapMonitor: Check java heap usage finished! Next check delay: 300000
04-15 21:56:40.063 29549 30609 D JavaheapMonitor: Java heap used=39M max=512M, proc: com.google.android.googlequicksearchbox:search
04-15 21:56:40.064 29549 30609 V JavaheapMonitor: Check java heap usage finished! Next check delay: 300000
04-15 21:56:40.080  1448  1903 D ULogGuard: Monitoring: 20 threads, 0 requests, 0 time-bombs; 8 guards. ResetFlags = 0x7
04-15 21:56:40.185  1329  1619 D connsyslogger: SD_LOG_ROOT is /data/debuglogger/connsyslog/fw.
04-15 21:56:40.185  1329  1619 D connsyslogger: systemReady:1
04-15 21:56:40.323  2494  4352 D JavaheapMonitor: Java heap used=2M max=256M, proc: com.miui.miwallpaper
04-15 21:56:40.323  2494  4352 V JavaheapMonitor: Check java heap usage finished! Next check delay: 300000
04-15 21:56:40.336 10371 10627 D JavaheapMonitor: Java heap used=8M max=256M, proc: com.miui.powerkeeper
04-15 21:56:40.336 10371 10627 V JavaheapMonitor: Check java heap usage finished! Next check delay: 300000
04-15 21:56:40.536  1329  1622 D connsyslogger: idx=0 Bootup Log: 2 log files! filecount=3 
04-15 21:56:40.536  1329  1622 D connsyslogger: idx=1 Bootup Log: 2 log files! filecount=3 
04-15 21:56:40.540  1329  1741 I connsyslogger: thrLogWriter: LogBuf=242.343750KB,idx=0
04-15 21:56:40.831 20109 22060 D JavaheapMonitor: Java heap used=2M max=256M, proc: com.google.android.rkpdapp
04-15 21:56:40.832 20109 22060 V JavaheapMonitor: Check java heap usage finished! Next check delay: 300000
04-15 21:56:40.903  8328  8567 E msys    : E[N mns:DGWClient]_OnDiskCacheGetData(632)=>Start post callback cache refresh DNS resolution
04-15 21:56:40.906  1704  7023 E msys    : E[N mns]_OnDiskCacheGetData(632)=>Start post callback cache refresh DNS resolution
04-15 21:56:40.908  1704  7023 W LibevQuicAsyncUDPSocket.h: setTosOrTrafficClass not implemented in LibevQuicAsyncUDPSocket
04-15 21:56:40.920  8328  8567 E msys    : E[N mns:DGWClient]_LogError(228)=>Failed to resolve using system DNS resolver, getaddrinfo(): No address associated with hostname
04-15 21:56:40.920  8328  8567 E msys    : E[N mns:DGWClient]_OnDiskCacheGetData(632)=>Start post callback cache refresh DNS resolution
04-15 21:56:40.921  1704  7023 E MvfstCallbacks.cpp: onConnectionSetupError: error=TransportError: Internal Error, Error on socket write Operation not permitted, 
04-15 21:56:40.921  1704  7023 E msys    : E[N mns]_LogError(228)=>Failed to resolve using system DNS resolver, getaddrinfo(): No address associated with hostname
04-15 21:56:40.922  1704  7023 E msys    : E[N mns]_OnDiskCacheGetData(632)=>Start post callback cache refresh DNS resolution
04-15 21:56:40.922  8328  8567 E msys    : E[N mns:DGWClient]_LogError(228)=>Failed to resolve using system DNS resolver, getaddrinfo(): No address associated with hostname
04-15 21:56:40.923  1704  7023 E msys    : E[N mns]_LogError(228)=>Failed to resolve using system DNS resolver, getaddrinfo(): No address associated with hostname
04-15 21:56:40.940  2627  2670 I Tethering: [BpfCoordinator] onAlertReached
04-15 21:56:41.012 17505 17870 D JavaheapMonitor: Java heap used=47M max=512M, proc: com.google.android.googlequicksearchbox:googleapp
04-15 21:56:41.013 17505 17870 V JavaheapMonitor: Check java heap usage finished! Next check delay: 300000
04-15 21:56:41.085 32346  2971 D JavaheapMonitor: Java heap used=2M max=256M, proc: com.microsoft.deviceintegrationservice
04-15 21:56:41.085 32346  2971 V JavaheapMonitor: Check java heap usage finished! Next check delay: 300000
04-15 21:56:41.163 31101 25537 I MediaCodec: [mId: 39] [audio-debug-dec] Stats 5007ms:Client:com.facebook.katana,Component:c2.android.aac.decoder,Qin:0,DQin:0/5,Render:0,Drop:0,DQout:0/0
04-15 21:56:41.556  1128  1144 D ccci_mdinit: (1):monitor_time_update_thread round:9482 ########
04-15 21:56:41.657  2675  4437 D JavaheapMonitor: Java heap used=3M max=256M, proc: com.mediatek.ims
04-15 21:56:41.658  2675  4437 V JavaheapMonitor: Check java heap usage finished! Next check delay: 300000
